2025-05-06 06:54:12.467: [INFO][Sync] Reset engine, reason: 8
2025-05-06 06:54:12.467: [INFO][Sync] Stopped: Bookmarks
2025-05-06 06:54:12.467: [INFO][Sync] Stopped: Preferences
2025-05-06 06:54:12.467: [INFO][Sync] Stopped: Passwords
2025-05-06 06:54:12.467: [INFO][Sync] Stopped: Autofill Profiles
2025-05-06 06:54:12.467: [INFO][Sync] Stopped: Autofill
2025-05-06 06:54:12.467: [INFO][Sync] Stopped: Extensions
2025-05-06 06:54:12.467: [INFO][Sync] Stopped: Sessions
2025-05-06 06:54:12.467: [INFO][Sync] Stopped: Extension settings
2025-05-06 06:54:12.467: [INFO][Sync] Stopped: History Delete Directives
2025-05-06 06:54:12.467: [INFO][Sync] Stopped: Device Info
2025-05-06 06:54:12.467: [INFO][Sync] Stopped: User Consents
2025-05-06 06:54:12.467: [INFO][Sync] Stopped: Send Tab To Self
2025-05-06 06:54:12.467: [INFO][Sync] Stopped: Web Apps
2025-05-06 06:54:12.467: [INFO][Sync] Stopped: History
2025-05-06 06:54:12.467: [INFO][Sync] Stopped: Saved Tab Group
2025-05-06 06:54:12.467: [INFO][Sync] Stopped: Collection
2025-05-06 06:54:12.467: [INFO][Sync] Stopped: Edge E Drop
2025-05-06 06:54:12.467: [INFO][Sync] Stopped: Edge Hub App Usage
2025-05-06 06:54:12.467: [INFO][Sync] Stopped: Edge Tab Group
2025-05-06 06:54:12.467: [INFO][Sync] Stopped: Edge Wallet
2025-05-06 06:54:12.467: [INFO][Sync] SyncState after authenticated was: NotSignedIn
2025-05-06 06:54:12.639: [INFO][Sync] Reset engine, reason: 8
2025-05-06 06:54:12.639: [INFO][Sync] Stopped: Bookmarks
2025-05-06 06:54:12.639: [INFO][Sync] Stopped: Preferences
2025-05-06 06:54:12.639: [INFO][Sync] Stopped: Passwords
2025-05-06 06:54:12.639: [INFO][Sync] Stopped: Autofill Profiles
2025-05-06 06:54:12.639: [INFO][Sync] Stopped: Autofill
2025-05-06 06:54:12.639: [INFO][Sync] Stopped: Extensions
2025-05-06 06:54:12.639: [INFO][Sync] Stopped: Sessions
2025-05-06 06:54:12.639: [INFO][Sync] Stopped: Extension settings
2025-05-06 06:54:12.639: [INFO][Sync] Stopped: History Delete Directives
2025-05-06 06:54:12.639: [INFO][Sync] Stopped: Device Info
2025-05-06 06:54:12.639: [INFO][Sync] Stopped: User Consents
2025-05-06 06:54:12.639: [INFO][Sync] Stopped: Send Tab To Self
2025-05-06 06:54:12.639: [INFO][Sync] Stopped: Web Apps
2025-05-06 06:54:12.639: [INFO][Sync] Stopped: History
2025-05-06 06:54:12.639: [INFO][Sync] Stopped: Saved Tab Group
2025-05-06 06:54:12.639: [INFO][Sync] Stopped: Collection
2025-05-06 06:54:12.639: [INFO][Sync] Stopped: Edge E Drop
2025-05-06 06:54:12.639: [INFO][Sync] Stopped: Edge Hub App Usage
2025-05-06 06:54:12.639: [INFO][Sync] Stopped: Edge Tab Group
2025-05-06 06:54:12.639: [INFO][Sync] Stopped: Edge Wallet
2025-05-06 06:54:12.876: [INFO][Sync] Try to start sync engine
2025-05-06 06:54:12.877: [INFO][SyncManagerImpl::NudgeForInitialDownload] Initial download nudge for Encryption Keys
2025-05-06 06:54:12.877: [INFO][SyncEngineBackend::LoadAndConnectNigoriController] Load and connect Nigori controller
2025-05-06 06:54:12.877: [INFO][SyncEngineBackend::DoInitialize] Control Types added: Encryption Keys
2025-05-06 06:54:12.877: [INFO][SyncManagerImpl::ConfigureSyncer] Types to download: Encryption Keys with reason: 3
2025-05-06 06:54:12.877: [INFO][SyncSchedulerImpl::DoConfigurationSyncCycleJob] Configure job was blocked
2025-05-06 06:54:13.116: [INFO][SyncAuthManager::SetLastAuthError] Current auth error: None
2025-05-06 06:54:13.116: [INFO][SyncAuthManager::EdgeLogTokenErrorState] Token error with: None for account type: MSA
2025-05-06 06:54:13.116: [INFO][Sync] Credentials changed for: EdgeSyncScopeNew
2025-05-06 06:54:42.851: [INFO][SyncAuthManager::EdgeLogTokenErrorState] Token error with: The request runs exceeded the set maximum duration. for account type: MSA
2025-05-06 06:54:42.851: [INFO][Sync] Credentials changed for: EdgeSyncKeyDataScope
2025-05-06 06:54:42.851: [INFO][SyncEngineBackend::DoUpdateCredentials] Update credentials
2025-05-06 06:54:42.851: [INFO][SyncSchedulerImpl::DoConfigurationSyncCycleJob] Blocked types:  and types to download: Encryption Keys
2025-05-06 06:54:54.956: [INFO][SyncSchedulerImpl::OnSyncNetworkError] Syncer error: Network error (ERR_NAME_NOT_RESOLVED)
2025-05-06 06:54:54.957: [INFO][SyncSchedulerImpl::DoConfigurationSyncCycleJob] Syncer error: Network error (ERR_NAME_NOT_RESOLVED)
2025-05-06 06:54:54.957: [WARN][Sync] NetworkError: Network error (ERR_NAME_NOT_RESOLVED)
2025-05-06 06:55:08.253: [INFO][Sync] Reset engine, reason: 0
2025-05-06 06:55:08.253: [INFO][Sync] Reset engine with reason: 0
